[yohoho.io/index.html]
[backblue.gif]
[fade.gif]
[index.html]
[yohoho.io/yohoho.js]
[cdn.ravenjs.com/3.26.2/raven.min.js]
[yohoho.io/favicon/apple-touch-icon.png]
[yohoho.io/favicon/favicon-32x32.png]
[yohoho.io/favicon/favicon-16x16.png]
[yohoho.io/favicon/site.webmanifest]
[yohoho.io/favicon/safari-pinned-tab.svg]
[yohoho.io/favicon/favicon.ico]
[yohoho.io/fonts/nunito-bold-webfont.woff2]
[yohoho.io/fonts/nunito-bold-webfont.woff]
[yohoho.io/fonts/nunito-extrabold-webfont.woff2]
[yohoho.io/fonts/nunito-extrabold-webfont.woff]
[yohoho.io/fonts/nunito-regular-webfont.woff2]
[yohoho.io/fonts/nunito-regular-webfont.woff]
[yohoho.io/img/lock.svg]
[connect.facebook.net/en_US/sdk.js]
[yohoho.io/img/google-store.png]
[yohoho.io/img/apple-store.svg]
[yohoho.io/img/close.svg]
[yohoho.io/img/logout.svg]
[yohoho.io/unblocked.html]
[yohoho.io/help.html]
[yohoho.io/about.html]
[api.adinplay.com/libs/aiptag/pub/NTC/yohoho.io/tag.min.js]
[yohoho.io/about2.html]
[yohoho.io/privacypolicy.html]
[yohoho.io/img/coins_m.png]
[yohoho.io/img/video.svg]
[yohoho.io/img/chest.png]
[yohoho.io/img/safari-share.png]
[yohoho.io/img/safari-add-homescreen.png]
[yohoho.io/index.html]
[yohoho.io/favicon/safari-pinned-tab.svg]
[yohoho.io/img/lock.svg]
[connect.facebook.net/en_US/sdk.js]
[yohoho.io/img/apple-store.svg]
[yohoho.io/img/close.svg]
[yohoho.io/img/logout.svg]
[yohoho.io/unblocked.html]
[yohoho.io/help.html]
[yohoho.io/about.html]
[yohoho.io/about2.html]
[yohoho.io/indexSpil.html]
[yohoho.io/index8a7e.html]
[yohoho.io/privacypolicy.html]
[yohoho.io/img/video.svg]
[yohoho.io/index8a7e.html]
[yohoho.io/indexSpil.html]
[yohoho.io/img/contact-email.svg]
[yohoho.io/img/contact-email.svg]
